../Core/Src/main.c:75:5:main	8	static
../Core/Src/main.c:122:6:SystemClock_Config	88	static
../Core/Src/main.c:169:13:MX_LPUART1_UART_Init	8	static
../Core/Src/main.c:216:13:MX_SPI3_Init	8	static
../Core/Src/main.c:256:13:MX_GPIO_Init	48	static
../Core/Src/main.c:304:6:SPITxRx_Setup	8	static
../Core/Src/main.c:313:6:LIGHT_OUTPUT_Setup	8	static
../Core/Src/main.c:322:6:SPITxRx_readIO	8	static
../Core/Src/main.c:334:6:Convert_HC_35_2_Number	4	static
../Core/Src/main.c:354:6:Game	4	static
../Core/Src/main.c:359:6:HAL_SPI_TxRxCpltCallback	16	static
../Core/Src/main.c:364:6:HAL_GPIO_EXTI_Callback	16	static
../Core/Src/main.c:380:6:random_std	8	static
../Core/Src/main.c:393:6:Error_Handler	4	static,ignoring_inline_asm
