../Core/Src/main.c:84:5:main	8	static
../Core/Src/main.c:135:6:SystemClock_Config	88	static
../Core/Src/main.c:182:13:MX_I2C1_Init	8	static
../Core/Src/main.c:230:13:MX_LPUART1_UART_Init	8	static
../Core/Src/main.c:277:13:MX_SPI3_Init	8	static
../Core/Src/main.c:317:13:MX_GPIO_Init	48	static
../Core/Src/main.c:365:6:SPITxRx_Setup	8	static
../Core/Src/main.c:374:6:LIGHT_OUTPUT_Setup	8	static
../Core/Src/main.c:383:6:SPITxRx_readIO	8	static
../Core/Src/main.c:402:6:SET_LIGHT_B	4	static
../Core/Src/main.c:409:6:Convert_HC_35_2_Number	4	static
../Core/Src/main.c:433:6:Game	4	static
../Core/Src/main.c:438:6:HAL_SPI_TxRxCpltCallback	16	static
../Core/Src/main.c:452:6:HAL_GPIO_EXTI_Callback	16	static
../Core/Src/main.c:468:6:random_std	8	static
../Core/Src/main.c:484:6:Error_Handler	4	static,ignoring_inline_asm
